Epoch 1/30

Epoch 1: val_loss improved from None to 0.50138, saving model to /home/nihal/Desktop/ML_50/Trafficking/All_models/metrla_full_run.weights.h5

Epoch 1: finished saving model to /home/nihal/Desktop/ML_50/Trafficking/All_models/metrla_full_run.weights.h5
375/375 - 10s - 26ms/step - loss: 1.0465 - mae: 0.4879 - val_loss: 0.5014 - val_mae: 0.3282
Epoch 2/30

Epoch 2: val_loss improved from 0.50138 to 0.33229, saving model to /home/nihal/Desktop/ML_50/Trafficking/All_models/metrla_full_run.weights.h5

Epoch 2: finished saving model to /home/nihal/Desktop/ML_50/Trafficking/All_models/metrla_full_run.weights.h5
375/375 - 5s - 14ms/step - loss: 0.4617 - mae: 0.3342 - val_loss: 0.3323 - val_mae: 0.2303
Epoch 3/30

Epoch 3: val_loss improved from 0.33229 to 0.25620, saving model to /home/nihal/Desktop/ML_50/Trafficking/All_models/metrla_full_run.weights.h5

Epoch 3: finished saving model to /home/nihal/Desktop/ML_50/Trafficking/All_models/metrla_full_run.weights.h5
375/375 - 6s - 15ms/step - loss: 0.3408 - mae: 0.2722 - val_loss: 0.2562 - val_mae: 0.1908
Epoch 4/30

Epoch 4: val_loss improved from 0.25620 to 0.21390, saving model to /home/nihal/Desktop/ML_50/Trafficking/All_models/metrla_full_run.weights.h5

Epoch 4: finished saving model to /home/nihal/Desktop/ML_50/Trafficking/All_models/metrla_full_run.weights.h5
375/375 - 6s - 16ms/step - loss: 0.2797 - mae: 0.2339 - val_loss: 0.2139 - val_mae: 0.1656
Epoch 5/30

Epoch 5: val_loss improved from 0.21390 to 0.18548, saving model to /home/nihal/Desktop/ML_50/Trafficking/All_models/metrla_full_run.weights.h5

Epoch 5: finished saving model to /home/nihal/Desktop/ML_50/Trafficking/All_models/metrla_full_run.weights.h5
375/375 - 6s - 15ms/step - loss: 0.2325 - mae: 0.2064 - val_loss: 0.1855 - val_mae: 0.1383
Epoch 6/30

Epoch 6: val_loss improved from 0.18548 to 0.17102, saving model to /home/nihal/Desktop/ML_50/Trafficking/All_models/metrla_full_run.weights.h5

Epoch 6: finished saving model to /home/nihal/Desktop/ML_50/Trafficking/All_models/metrla_full_run.weights.h5
375/375 - 5s - 14ms/step - loss: 0.2034 - mae: 0.1895 - val_loss: 0.1710 - val_mae: 0.1354
Epoch 7/30

Epoch 7: val_loss improved from 0.17102 to 0.15788, saving model to /home/nihal/Desktop/ML_50/Trafficking/All_models/metrla_full_run.weights.h5

Epoch 7: finished saving model to /home/nihal/Desktop/ML_50/Trafficking/All_models/metrla_full_run.weights.h5
375/375 - 5s - 15ms/step - loss: 0.1884 - mae: 0.1786 - val_loss: 0.1579 - val_mae: 0.1311
Epoch 8/30

Epoch 8: val_loss improved from 0.15788 to 0.14775, saving model to /home/nihal/Desktop/ML_50/Trafficking/All_models/metrla_full_run.weights.h5

Epoch 8: finished saving model to /home/nihal/Desktop/ML_50/Trafficking/All_models/metrla_full_run.weights.h5
375/375 - 5s - 14ms/step - loss: 0.1711 - mae: 0.1689 - val_loss: 0.1478 - val_mae: 0.1142
Epoch 9/30

Epoch 9: val_loss improved from 0.14775 to 0.14118, saving model to /home/nihal/Desktop/ML_50/Trafficking/All_models/metrla_full_run.weights.h5

Epoch 9: finished saving model to /home/nihal/Desktop/ML_50/Trafficking/All_models/metrla_full_run.weights.h5
375/375 - 5s - 14ms/step - loss: 0.1605 - mae: 0.1614 - val_loss: 0.1412 - val_mae: 0.1146
Epoch 10/30

Epoch 10: val_loss improved from 0.14118 to 0.13559, saving model to /home/nihal/Desktop/ML_50/Trafficking/All_models/metrla_full_run.weights.h5

Epoch 10: finished saving model to /home/nihal/Desktop/ML_50/Trafficking/All_models/metrla_full_run.weights.h5
375/375 - 5s - 15ms/step - loss: 0.1547 - mae: 0.1588 - val_loss: 0.1356 - val_mae: 0.1079
Epoch 11/30

Epoch 11: val_loss improved from 0.13559 to 0.13137, saving model to /home/nihal/Desktop/ML_50/Trafficking/All_models/metrla_full_run.weights.h5

Epoch 11: finished saving model to /home/nihal/Desktop/ML_50/Trafficking/All_models/metrla_full_run.weights.h5
375/375 - 5s - 14ms/step - loss: 0.1522 - mae: 0.1560 - val_loss: 0.1314 - val_mae: 0.1077
Epoch 12/30

Epoch 12: val_loss improved from 0.13137 to 0.12837, saving model to /home/nihal/Desktop/ML_50/Trafficking/All_models/metrla_full_run.weights.h5

Epoch 12: finished saving model to /home/nihal/Desktop/ML_50/Trafficking/All_models/metrla_full_run.weights.h5
375/375 - 5s - 14ms/step - loss: 0.1446 - mae: 0.1515 - val_loss: 0.1284 - val_mae: 0.1082
Epoch 13/30

Epoch 13: val_loss improved from 0.12837 to 0.12524, saving model to /home/nihal/Desktop/ML_50/Trafficking/All_models/metrla_full_run.weights.h5

Epoch 13: finished saving model to /home/nihal/Desktop/ML_50/Trafficking/All_models/metrla_full_run.weights.h5
375/375 - 6s - 15ms/step - loss: 0.1371 - mae: 0.1478 - val_loss: 0.1252 - val_mae: 0.1036
Epoch 14/30

Epoch 14: val_loss improved from 0.12524 to 0.12494, saving model to /home/nihal/Desktop/ML_50/Trafficking/All_models/metrla_full_run.weights.h5

Epoch 14: finished saving model to /home/nihal/Desktop/ML_50/Trafficking/All_models/metrla_full_run.weights.h5
375/375 - 6s - 15ms/step - loss: 0.1351 - mae: 0.1460 - val_loss: 0.1249 - val_mae: 0.1073
Epoch 15/30

Epoch 15: val_loss improved from 0.12494 to 0.12181, saving model to /home/nihal/Desktop/ML_50/Trafficking/All_models/metrla_full_run.weights.h5

Epoch 15: finished saving model to /home/nihal/Desktop/ML_50/Trafficking/All_models/metrla_full_run.weights.h5
375/375 - 5s - 15ms/step - loss: 0.1365 - mae: 0.1454 - val_loss: 0.1218 - val_mae: 0.1003
Epoch 16/30

Epoch 16: val_loss improved from 0.12181 to 0.12099, saving model to /home/nihal/Desktop/ML_50/Trafficking/All_models/metrla_full_run.weights.h5

Epoch 16: finished saving model to /home/nihal/Desktop/ML_50/Trafficking/All_models/metrla_full_run.weights.h5
375/375 - 5s - 15ms/step - loss: 0.1299 - mae: 0.1411 - val_loss: 0.1210 - val_mae: 0.0990
Epoch 17/30

Epoch 17: val_loss improved from 0.12099 to 0.11906, saving model to /home/nihal/Desktop/ML_50/Trafficking/All_models/metrla_full_run.weights.h5

Epoch 17: finished saving model to /home/nihal/Desktop/ML_50/Trafficking/All_models/metrla_full_run.weights.h5
375/375 - 5s - 15ms/step - loss: 0.1300 - mae: 0.1416 - val_loss: 0.1191 - val_mae: 0.0951
Epoch 18/30

Epoch 18: val_loss improved from 0.11906 to 0.11859, saving model to /home/nihal/Desktop/ML_50/Trafficking/All_models/metrla_full_run.weights.h5

Epoch 18: finished saving model to /home/nihal/Desktop/ML_50/Trafficking/All_models/metrla_full_run.weights.h5
375/375 - 6s - 15ms/step - loss: 0.1295 - mae: 0.1392 - val_loss: 0.1186 - val_mae: 0.1010
Epoch 19/30

Epoch 19: val_loss improved from 0.11859 to 0.11739, saving model to /home/nihal/Desktop/ML_50/Trafficking/All_models/metrla_full_run.weights.h5

Epoch 19: finished saving model to /home/nihal/Desktop/ML_50/Trafficking/All_models/metrla_full_run.weights.h5
375/375 - 5s - 14ms/step - loss: 0.1302 - mae: 0.1388 - val_loss: 0.1174 - val_mae: 0.0943
Epoch 20/30

Epoch 20: val_loss did not improve from 0.11739
375/375 - 5s - 13ms/step - loss: 0.1243 - mae: 0.1365 - val_loss: 0.1175 - val_mae: 0.0986
Epoch 21/30

Epoch 21: val_loss did not improve from 0.11739
375/375 - 5s - 14ms/step - loss: 0.1241 - mae: 0.1344 - val_loss: 0.1178 - val_mae: 0.0974
Epoch 22/30

Epoch 22: val_loss improved from 0.11739 to 0.11565, saving model to /home/nihal/Desktop/ML_50/Trafficking/All_models/metrla_full_run.weights.h5

Epoch 22: finished saving model to /home/nihal/Desktop/ML_50/Trafficking/All_models/metrla_full_run.weights.h5
375/375 - 5s - 14ms/step - loss: 0.1245 - mae: 0.1344 - val_loss: 0.1156 - val_mae: 0.0903
Epoch 23/30

Epoch 23: val_loss improved from 0.11565 to 0.11551, saving model to /home/nihal/Desktop/ML_50/Trafficking/All_models/metrla_full_run.weights.h5

Epoch 23: finished saving model to /home/nihal/Desktop/ML_50/Trafficking/All_models/metrla_full_run.weights.h5
375/375 - 5s - 14ms/step - loss: 0.1239 - mae: 0.1329 - val_loss: 0.1155 - val_mae: 0.0933
Epoch 24/30

Epoch 24: val_loss did not improve from 0.11551
375/375 - 5s - 14ms/step - loss: 0.1237 - mae: 0.1328 - val_loss: 0.1160 - val_mae: 0.0967
Epoch 25/30

Epoch 25: val_loss improved from 0.11551 to 0.11489, saving model to /home/nihal/Desktop/ML_50/Trafficking/All_models/metrla_full_run.weights.h5

Epoch 25: finished saving model to /home/nihal/Desktop/ML_50/Trafficking/All_models/metrla_full_run.weights.h5
375/375 - 5s - 14ms/step - loss: 0.1201 - mae: 0.1313 - val_loss: 0.1149 - val_mae: 0.0917
Epoch 26/30

Epoch 26: val_loss improved from 0.11489 to 0.11446, saving model to /home/nihal/Desktop/ML_50/Trafficking/All_models/metrla_full_run.weights.h5

Epoch 26: finished saving model to /home/nihal/Desktop/ML_50/Trafficking/All_models/metrla_full_run.weights.h5
375/375 - 5s - 14ms/step - loss: 0.1215 - mae: 0.1318 - val_loss: 0.1145 - val_mae: 0.0906
Epoch 27/30

Epoch 27: val_loss improved from 0.11446 to 0.11353, saving model to /home/nihal/Desktop/ML_50/Trafficking/All_models/metrla_full_run.weights.h5

Epoch 27: finished saving model to /home/nihal/Desktop/ML_50/Trafficking/All_models/metrla_full_run.weights.h5
375/375 - 5s - 14ms/step - loss: 0.1183 - mae: 0.1292 - val_loss: 0.1135 - val_mae: 0.0893
Epoch 28/30

Epoch 28: val_loss did not improve from 0.11353
375/375 - 5s - 15ms/step - loss: 0.1198 - mae: 0.1293 - val_loss: 0.1146 - val_mae: 0.0938
Epoch 29/30

Epoch 29: val_loss improved from 0.11353 to 0.11332, saving model to /home/nihal/Desktop/ML_50/Trafficking/All_models/metrla_full_run.weights.h5

Epoch 29: finished saving model to /home/nihal/Desktop/ML_50/Trafficking/All_models/metrla_full_run.weights.h5
375/375 - 6s - 15ms/step - loss: 0.1174 - mae: 0.1278 - val_loss: 0.1133 - val_mae: 0.0885
Epoch 30/30

Epoch 30: val_loss improved from 0.11332 to 0.11324, saving model to /home/nihal/Desktop/ML_50/Trafficking/All_models/metrla_full_run.weights.h5

Epoch 30: finished saving model to /home/nihal/Desktop/ML_50/Trafficking/All_models/metrla_full_run.weights.h5
375/375 - 5s - 14ms/step - loss: 0.1191 - mae: 0.1290 - val_loss: 0.1132 - val_mae: 0.0901
=======METR-LA EVALUATION=======
Mode: mean
Train/Val/Test samples: 23970/5141/5141
Test MAE (original scale): 1.2016
