Epoch 1/40

Epoch 1: val_loss improved from None to 0.14614, saving model to /home/nihal/Desktop/ML_50/Trafficking/All_models/weather_integrated_full_run_v2.weights.h5

Epoch 1: finished saving model to /home/nihal/Desktop/ML_50/Trafficking/All_models/weather_integrated_full_run_v2.weights.h5
375/375 - 8s - 22ms/step - loss: 0.2511 - mae: 0.2367 - val_loss: 0.1461 - val_mae: 0.1486
Epoch 2/40

Epoch 2: val_loss improved from 0.14614 to 0.11993, saving model to /home/nihal/Desktop/ML_50/Trafficking/All_models/weather_integrated_full_run_v2.weights.h5

Epoch 2: finished saving model to /home/nihal/Desktop/ML_50/Trafficking/All_models/weather_integrated_full_run_v2.weights.h5
375/375 - 4s - 12ms/step - loss: 0.1800 - mae: 0.1897 - val_loss: 0.1199 - val_mae: 0.1229
Epoch 3/40

Epoch 3: val_loss improved from 0.11993 to 0.10491, saving model to /home/nihal/Desktop/ML_50/Trafficking/All_models/weather_integrated_full_run_v2.weights.h5

Epoch 3: finished saving model to /home/nihal/Desktop/ML_50/Trafficking/All_models/weather_integrated_full_run_v2.weights.h5
375/375 - 4s - 12ms/step - loss: 0.1373 - mae: 0.1588 - val_loss: 0.1049 - val_mae: 0.1189
Epoch 4/40

Epoch 4: val_loss improved from 0.10491 to 0.09381, saving model to /home/nihal/Desktop/ML_50/Trafficking/All_models/weather_integrated_full_run_v2.weights.h5

Epoch 4: finished saving model to /home/nihal/Desktop/ML_50/Trafficking/All_models/weather_integrated_full_run_v2.weights.h5
375/375 - 5s - 12ms/step - loss: 0.1181 - mae: 0.1421 - val_loss: 0.0938 - val_mae: 0.1012
Epoch 5/40

Epoch 5: val_loss improved from 0.09381 to 0.08717, saving model to /home/nihal/Desktop/ML_50/Trafficking/All_models/weather_integrated_full_run_v2.weights.h5

Epoch 5: finished saving model to /home/nihal/Desktop/ML_50/Trafficking/All_models/weather_integrated_full_run_v2.weights.h5
375/375 - 4s - 11ms/step - loss: 0.1024 - mae: 0.1282 - val_loss: 0.0872 - val_mae: 0.0908
Epoch 6/40

Epoch 6: val_loss improved from 0.08717 to 0.08166, saving model to /home/nihal/Desktop/ML_50/Trafficking/All_models/weather_integrated_full_run_v2.weights.h5

Epoch 6: finished saving model to /home/nihal/Desktop/ML_50/Trafficking/All_models/weather_integrated_full_run_v2.weights.h5
375/375 - 4s - 12ms/step - loss: 0.0891 - mae: 0.1200 - val_loss: 0.0817 - val_mae: 0.0855
Epoch 7/40

Epoch 7: val_loss improved from 0.08166 to 0.07745, saving model to /home/nihal/Desktop/ML_50/Trafficking/All_models/weather_integrated_full_run_v2.weights.h5

Epoch 7: finished saving model to /home/nihal/Desktop/ML_50/Trafficking/All_models/weather_integrated_full_run_v2.weights.h5
375/375 - 4s - 11ms/step - loss: 0.0870 - mae: 0.1156 - val_loss: 0.0774 - val_mae: 0.0832
Epoch 8/40

Epoch 8: val_loss improved from 0.07745 to 0.07436, saving model to /home/nihal/Desktop/ML_50/Trafficking/All_models/weather_integrated_full_run_v2.weights.h5

Epoch 8: finished saving model to /home/nihal/Desktop/ML_50/Trafficking/All_models/weather_integrated_full_run_v2.weights.h5
375/375 - 4s - 11ms/step - loss: 0.0781 - mae: 0.1102 - val_loss: 0.0744 - val_mae: 0.0826
Epoch 9/40

Epoch 9: val_loss improved from 0.07436 to 0.07137, saving model to /home/nihal/Desktop/ML_50/Trafficking/All_models/weather_integrated_full_run_v2.weights.h5

Epoch 9: finished saving model to /home/nihal/Desktop/ML_50/Trafficking/All_models/weather_integrated_full_run_v2.weights.h5
375/375 - 4s - 12ms/step - loss: 0.0783 - mae: 0.1073 - val_loss: 0.0714 - val_mae: 0.0799
Epoch 10/40

Epoch 10: val_loss improved from 0.07137 to 0.06906, saving model to /home/nihal/Desktop/ML_50/Trafficking/All_models/weather_integrated_full_run_v2.weights.h5

Epoch 10: finished saving model to /home/nihal/Desktop/ML_50/Trafficking/All_models/weather_integrated_full_run_v2.weights.h5
375/375 - 5s - 12ms/step - loss: 0.0734 - mae: 0.1053 - val_loss: 0.0691 - val_mae: 0.0785
Epoch 11/40

Epoch 11: val_loss improved from 0.06906 to 0.06758, saving model to /home/nihal/Desktop/ML_50/Trafficking/All_models/weather_integrated_full_run_v2.weights.h5

Epoch 11: finished saving model to /home/nihal/Desktop/ML_50/Trafficking/All_models/weather_integrated_full_run_v2.weights.h5
375/375 - 4s - 12ms/step - loss: 0.0702 - mae: 0.1015 - val_loss: 0.0676 - val_mae: 0.0726
Epoch 12/40

Epoch 12: val_loss improved from 0.06758 to 0.06669, saving model to /home/nihal/Desktop/ML_50/Trafficking/All_models/weather_integrated_full_run_v2.weights.h5

Epoch 12: finished saving model to /home/nihal/Desktop/ML_50/Trafficking/All_models/weather_integrated_full_run_v2.weights.h5
375/375 - 4s - 12ms/step - loss: 0.0688 - mae: 0.0997 - val_loss: 0.0667 - val_mae: 0.0768
Epoch 13/40

Epoch 13: val_loss improved from 0.06669 to 0.06595, saving model to /home/nihal/Desktop/ML_50/Trafficking/All_models/weather_integrated_full_run_v2.weights.h5

Epoch 13: finished saving model to /home/nihal/Desktop/ML_50/Trafficking/All_models/weather_integrated_full_run_v2.weights.h5
375/375 - 5s - 12ms/step - loss: 0.0677 - mae: 0.0989 - val_loss: 0.0660 - val_mae: 0.0779
Epoch 14/40

Epoch 14: val_loss improved from 0.06595 to 0.06512, saving model to /home/nihal/Desktop/ML_50/Trafficking/All_models/weather_integrated_full_run_v2.weights.h5

Epoch 14: finished saving model to /home/nihal/Desktop/ML_50/Trafficking/All_models/weather_integrated_full_run_v2.weights.h5
375/375 - 4s - 12ms/step - loss: 0.0672 - mae: 0.0986 - val_loss: 0.0651 - val_mae: 0.0707
Epoch 15/40

Epoch 15: val_loss improved from 0.06512 to 0.06500, saving model to /home/nihal/Desktop/ML_50/Trafficking/All_models/weather_integrated_full_run_v2.weights.h5

Epoch 15: finished saving model to /home/nihal/Desktop/ML_50/Trafficking/All_models/weather_integrated_full_run_v2.weights.h5
375/375 - 5s - 12ms/step - loss: 0.0694 - mae: 0.0981 - val_loss: 0.0650 - val_mae: 0.0740
Epoch 16/40

Epoch 16: val_loss improved from 0.06500 to 0.06406, saving model to /home/nihal/Desktop/ML_50/Trafficking/All_models/weather_integrated_full_run_v2.weights.h5

Epoch 16: finished saving model to /home/nihal/Desktop/ML_50/Trafficking/All_models/weather_integrated_full_run_v2.weights.h5
375/375 - 5s - 12ms/step - loss: 0.0667 - mae: 0.0963 - val_loss: 0.0641 - val_mae: 0.0724
Epoch 17/40

Epoch 17: val_loss improved from 0.06406 to 0.06357, saving model to /home/nihal/Desktop/ML_50/Trafficking/All_models/weather_integrated_full_run_v2.weights.h5

Epoch 17: finished saving model to /home/nihal/Desktop/ML_50/Trafficking/All_models/weather_integrated_full_run_v2.weights.h5
375/375 - 4s - 12ms/step - loss: 0.0657 - mae: 0.0963 - val_loss: 0.0636 - val_mae: 0.0690
Epoch 18/40

Epoch 18: val_loss improved from 0.06357 to 0.06280, saving model to /home/nihal/Desktop/ML_50/Trafficking/All_models/weather_integrated_full_run_v2.weights.h5

Epoch 18: finished saving model to /home/nihal/Desktop/ML_50/Trafficking/All_models/weather_integrated_full_run_v2.weights.h5
375/375 - 5s - 12ms/step - loss: 0.0641 - mae: 0.0948 - val_loss: 0.0628 - val_mae: 0.0669
Epoch 19/40

Epoch 19: val_loss improved from 0.06280 to 0.06252, saving model to /home/nihal/Desktop/ML_50/Trafficking/All_models/weather_integrated_full_run_v2.weights.h5

Epoch 19: finished saving model to /home/nihal/Desktop/ML_50/Trafficking/All_models/weather_integrated_full_run_v2.weights.h5
375/375 - 5s - 12ms/step - loss: 0.0640 - mae: 0.0947 - val_loss: 0.0625 - val_mae: 0.0710
Epoch 20/40

Epoch 20: val_loss improved from 0.06252 to 0.06182, saving model to /home/nihal/Desktop/ML_50/Trafficking/All_models/weather_integrated_full_run_v2.weights.h5

Epoch 20: finished saving model to /home/nihal/Desktop/ML_50/Trafficking/All_models/weather_integrated_full_run_v2.weights.h5
375/375 - 5s - 12ms/step - loss: 0.0644 - mae: 0.0947 - val_loss: 0.0618 - val_mae: 0.0645
Epoch 21/40

Epoch 21: val_loss improved from 0.06182 to 0.06148, saving model to /home/nihal/Desktop/ML_50/Trafficking/All_models/weather_integrated_full_run_v2.weights.h5

Epoch 21: finished saving model to /home/nihal/Desktop/ML_50/Trafficking/All_models/weather_integrated_full_run_v2.weights.h5
375/375 - 5s - 13ms/step - loss: 0.0650 - mae: 0.0937 - val_loss: 0.0615 - val_mae: 0.0674
Epoch 22/40

Epoch 22: val_loss improved from 0.06148 to 0.06117, saving model to /home/nihal/Desktop/ML_50/Trafficking/All_models/weather_integrated_full_run_v2.weights.h5

Epoch 22: finished saving model to /home/nihal/Desktop/ML_50/Trafficking/All_models/weather_integrated_full_run_v2.weights.h5
375/375 - 5s - 13ms/step - loss: 0.0626 - mae: 0.0926 - val_loss: 0.0612 - val_mae: 0.0653
Epoch 23/40

Epoch 23: val_loss did not improve from 0.06117
375/375 - 5s - 12ms/step - loss: 0.0618 - mae: 0.0911 - val_loss: 0.0612 - val_mae: 0.0698
Epoch 24/40

Epoch 24: val_loss did not improve from 0.06117
375/375 - 4s - 12ms/step - loss: 0.0664 - mae: 0.0932 - val_loss: 0.0616 - val_mae: 0.0679
Epoch 25/40

Epoch 25: val_loss improved from 0.06117 to 0.06091, saving model to /home/nihal/Desktop/ML_50/Trafficking/All_models/weather_integrated_full_run_v2.weights.h5

Epoch 25: finished saving model to /home/nihal/Desktop/ML_50/Trafficking/All_models/weather_integrated_full_run_v2.weights.h5
375/375 - 4s - 12ms/step - loss: 0.0606 - mae: 0.0908 - val_loss: 0.0609 - val_mae: 0.0648
Epoch 26/40

Epoch 26: val_loss improved from 0.06091 to 0.06061, saving model to /home/nihal/Desktop/ML_50/Trafficking/All_models/weather_integrated_full_run_v2.weights.h5

Epoch 26: finished saving model to /home/nihal/Desktop/ML_50/Trafficking/All_models/weather_integrated_full_run_v2.weights.h5
375/375 - 5s - 12ms/step - loss: 0.0623 - mae: 0.0911 - val_loss: 0.0606 - val_mae: 0.0657
Epoch 27/40

Epoch 27: val_loss improved from 0.06061 to 0.06060, saving model to /home/nihal/Desktop/ML_50/Trafficking/All_models/weather_integrated_full_run_v2.weights.h5

Epoch 27: finished saving model to /home/nihal/Desktop/ML_50/Trafficking/All_models/weather_integrated_full_run_v2.weights.h5
375/375 - 5s - 12ms/step - loss: 0.0623 - mae: 0.0908 - val_loss: 0.0606 - val_mae: 0.0657
Epoch 28/40

Epoch 28: val_loss improved from 0.06060 to 0.06055, saving model to /home/nihal/Desktop/ML_50/Trafficking/All_models/weather_integrated_full_run_v2.weights.h5

Epoch 28: finished saving model to /home/nihal/Desktop/ML_50/Trafficking/All_models/weather_integrated_full_run_v2.weights.h5
375/375 - 4s - 12ms/step - loss: 0.0609 - mae: 0.0899 - val_loss: 0.0606 - val_mae: 0.0639
Epoch 29/40

Epoch 29: val_loss improved from 0.06055 to 0.06001, saving model to /home/nihal/Desktop/ML_50/Trafficking/All_models/weather_integrated_full_run_v2.weights.h5

Epoch 29: finished saving model to /home/nihal/Desktop/ML_50/Trafficking/All_models/weather_integrated_full_run_v2.weights.h5
375/375 - 4s - 12ms/step - loss: 0.0596 - mae: 0.0899 - val_loss: 0.0600 - val_mae: 0.0629
Epoch 30/40

Epoch 30: val_loss did not improve from 0.06001
375/375 - 5s - 12ms/step - loss: 0.0612 - mae: 0.0897 - val_loss: 0.0601 - val_mae: 0.0654
Epoch 31/40

Epoch 31: val_loss improved from 0.06001 to 0.06001, saving model to /home/nihal/Desktop/ML_50/Trafficking/All_models/weather_integrated_full_run_v2.weights.h5

Epoch 31: finished saving model to /home/nihal/Desktop/ML_50/Trafficking/All_models/weather_integrated_full_run_v2.weights.h5
375/375 - 5s - 12ms/step - loss: 0.0603 - mae: 0.0894 - val_loss: 0.0600 - val_mae: 0.0640
Epoch 32/40

Epoch 32: val_loss did not improve from 0.06001
375/375 - 5s - 12ms/step - loss: 0.0604 - mae: 0.0895 - val_loss: 0.0602 - val_mae: 0.0674
Epoch 33/40

Epoch 33: val_loss improved from 0.06001 to 0.05950, saving model to /home/nihal/Desktop/ML_50/Trafficking/All_models/weather_integrated_full_run_v2.weights.h5

Epoch 33: finished saving model to /home/nihal/Desktop/ML_50/Trafficking/All_models/weather_integrated_full_run_v2.weights.h5
375/375 - 5s - 13ms/step - loss: 0.0609 - mae: 0.0891 - val_loss: 0.0595 - val_mae: 0.0625
Epoch 34/40

Epoch 34: val_loss did not improve from 0.05950
375/375 - 5s - 12ms/step - loss: 0.0615 - mae: 0.0885 - val_loss: 0.0596 - val_mae: 0.0659
Epoch 35/40

Epoch 35: val_loss improved from 0.05950 to 0.05918, saving model to /home/nihal/Desktop/ML_50/Trafficking/All_models/weather_integrated_full_run_v2.weights.h5

Epoch 35: finished saving model to /home/nihal/Desktop/ML_50/Trafficking/All_models/weather_integrated_full_run_v2.weights.h5
375/375 - 5s - 12ms/step - loss: 0.0584 - mae: 0.0876 - val_loss: 0.0592 - val_mae: 0.0643
Epoch 36/40

Epoch 36: val_loss did not improve from 0.05918
375/375 - 4s - 12ms/step - loss: 0.0603 - mae: 0.0880 - val_loss: 0.0596 - val_mae: 0.0660
Epoch 37/40

Epoch 37: val_loss improved from 0.05918 to 0.05888, saving model to /home/nihal/Desktop/ML_50/Trafficking/All_models/weather_integrated_full_run_v2.weights.h5

Epoch 37: finished saving model to /home/nihal/Desktop/ML_50/Trafficking/All_models/weather_integrated_full_run_v2.weights.h5
375/375 - 5s - 12ms/step - loss: 0.0594 - mae: 0.0879 - val_loss: 0.0589 - val_mae: 0.0632
Epoch 38/40

Epoch 38: val_loss did not improve from 0.05888
375/375 - 4s - 12ms/step - loss: 0.0584 - mae: 0.0875 - val_loss: 0.0594 - val_mae: 0.0644
Epoch 39/40

Epoch 39: val_loss did not improve from 0.05888
375/375 - 4s - 12ms/step - loss: 0.0590 - mae: 0.0876 - val_loss: 0.0590 - val_mae: 0.0640
Epoch 40/40

Epoch 40: val_loss improved from 0.05888 to 0.05872, saving model to /home/nihal/Desktop/ML_50/Trafficking/All_models/weather_integrated_full_run_v2.weights.h5

Epoch 40: finished saving model to /home/nihal/Desktop/ML_50/Trafficking/All_models/weather_integrated_full_run_v2.weights.h5
375/375 - 5s - 12ms/step - loss: 0.0605 - mae: 0.0879 - val_loss: 0.0587 - val_mae: 0.0620
=======PT DATASET EVALUATION=======
Aggregate mode: mean
Feature index: 0
Train/Val/Test samples: 23974/5137/5138
Test MAE (original scale): 0.0570
